{
    "versions_stub": {
        "content": [
            [
                "versions.yml:md5,c27ccb04c91f92f188b7f4cf2d54ed49"
            ]
        ],
        "timestamp": "2026-04-28T14:06:27.317530521",
        "meta": {
            "nf-test": "0.9.5",
            "nextflow": "25.10.4"
        }
    }
}