{
    "versions_stub": {
        "content": [
            [
                "versions.yml:md5,dc9625538c025d615109ef8cac3a86ab"
            ]
        ],
        "timestamp": "2026-03-13T14:32:25.161481",
        "meta": {
            "nf-test": "0.9.4",
            "nextflow": "25.10.4"
        }
    },
    "versions": {
        "content": [
            [
                "versions.yml:md5,dc9625538c025d615109ef8cac3a86ab"
            ]
        ],
        "timestamp": "2026-03-13T14:31:40.55121",
        "meta": {
            "nf-test": "0.9.4",
            "nextflow": "25.10.4"
        }
    }
}